PS C:\Users\maiu_> mkdir git_challenge


    ディレクトリ: C:\Users\maiu_


Mode                 LastWriteTime         Length Name
----                 -------------         ------ ----
d-----        2025/07/17     13:37                git_challenge


PS C:\Users\maiu_> cd git_challenge
PS C:\Users\maiu_\git_challenge> git init
Initialized empty Git repository in C:/Users/maiu_/git_challenge/.git/
PS C:\Users\maiu_\git_challenge> git add hello_world.txt
PS C:\Users\maiu_\git_challenge> git commit -m "hello_world.txtを追加"
[main (root-commit) 3834fd3] hello_world.txtを追加
 1 file changed, 1 insertion(+)
 create mode 100644 hello_world.txt
PS C:\Users\maiu_\git_challenge> git add hello_world.txt
PS C:\Users\maiu_\git_challenge> git commit -m "日本語訳を追記"       
[main 5ef6b4c] 日本語訳を追記
 1 file changed, 2 insertions(+), 1 deletion(-)
PS C:\Users\maiu_\git_challenge> git log --oneline
5ef6b4c (HEAD -> main) 日本語訳を追記
3834fd3 hello_world.txtを追加
PS C:\Users\maiu_\git_challenge> cd 
PS C:\Users\maiu_\git_challenge> cd C:\Users\maiu_             
PS C:\Users\maiu_> cd kadai_005
PS C:\Users\maiu_\kadai_005> git init
Initialized empty Git repository in C:/Users/maiu_/kadai_005/.git/